// Jest Snapshot v1, https://goo.gl/fbAQLP

exports[`Event Distribution helper Adds a three key event to the tree 1`] = `
{
  "channel": {
    "trigger": {
      "subTrigger": [
        {},
      ],
    },
  },
}
`;

exports[`Event Distribution helper Adds a two key event to the tree 1`] = `
{
  "first": {
    "second": [
      {},
    ],
  },
}
`;

exports[`Event Distribution helper Works with a bunch of combinations 1`] = `
{
  "first": {
    "": [
      {},
    ],
    "second": [
      {},
    ],
    "third": [
      {},
      {},
    ],
  },
  "second": [
    {},
  ],
  "third": {
    "example": {
      "sub": [
        {},
      ],
    },
  },
}
`;
