// Vitest Snapshot v1, https://vitest.dev/guide/snapshot.html

exports[`Member Leave > should add data to the tree 1`] = `
{
  "": [
    {
      "ioc": {},
      "options": {
        "event": "MEMBER_LEAVE",
      },
    },
  ],
}
`;

exports[`Member Leave > should extract member from leaving member 1`] = `
{
  "handlerKeys": [
    "",
  ],
  "isDirectMessage": false,
  "member": {
    "avatar": null,
    "avatarURL": null,
    "communicationDisabledUntilTimestamp": null,
    "displayAvatarURL": "https://cdn.discordapp.com/avatars/9007199254740991/user%20avatar%20url.webp",
    "displayName": "nick",
    "flags": 1,
    "guildId": "9007199254740991",
    "joinedTimestamp": NaN,
    "nickname": "nick",
    "pending": false,
    "premiumSinceTimestamp": null,
    "roles": {
      "cache": [],
    },
    "userId": "9007199254740991",
  },
}
`;
